C51 COMPILER V9.59.0.0   BOTONS_RELES                                                      06/12/2025 18:42:19 PAGE 1   


C51 COMPILER V9.59.0.0, COMPILATION OF MODULE BOTONS_RELES
OBJECT MODULE PLACED IN .\Objects\BOTONS_RELES.obj
COMPILER INVOKED BY: C:\Keil_v5\C51\BIN\C51.EXE BOTONS_RELES.c OPTIMIZE(8,SPEED) BROWSE DEBUG OBJECTEXTEND PRINT(.\Listi
                    -ngs\BOTONS_RELES.lst) TABS(2) OBJECT(.\Objects\BOTONS_RELES.obj)

line level    source

   1          #include "BOTONS_RELES.h"
   2          
   3          void delay(unsigned int ms){
   4   1          unsigned int i,j;
   5   1        for (i=0;i<ms;i++)
   6   1          for (j=0;j<240;j++);
   7   1      }
   8          
   9          void control_leds(bit senyal_riego, bit falta_agua){
  10   1        LED_REG = senyal_riego;
  11   1        LED_AIGUA = falta_agua;
  12   1      }
  13          
  14          void control_porta(unsigned char control){
  15   1        if(control == 1){         //Obrir la porta
  16   2          control_leds(1, 1);
  17   2          RELE1 = 1;
  18   2          RELE2 = 0;
  19   2          delay(5000);
  20   2          RELE1 = 0;
  21   2          RELE2 = 0;
  22   2        }else if (control == 2){  //Tancar la porta
  23   2          control_leds(1, 1);
  24   2          RELE1 = 0;
  25   2          RELE2 = 1;
  26   2          delay(5000);
  27   2          RELE1 = 0;
  28   2          RELE2 = 0;
  29   2        }else{                    //Porta en OFF
  30   2          control_leds(0, 0);
  31   2          RELE1 = 0;
  32   2          RELE2 = 0;
  33   2        }
  34   1      }


MODULE INFORMATION:   STATIC OVERLAYABLE
   CODE SIZE        =    105    ----
   CONSTANT SIZE    =   ----    ----
   XDATA SIZE       =   ----    ----
   PDATA SIZE       =   ----    ----
   DATA SIZE        =   ----    ----
   IDATA SIZE       =   ----    ----
   BIT SIZE         =   ----       2
END OF MODULE INFORMATION.


C51 COMPILATION COMPLETE.  0 WARNING(S),  0 ERROR(S)
