C51 COMPILER V9.59.0.0   MAIN                                                              05/29/2025 15:36:00 PAGE 1   


C51 COMPILER V9.59.0.0, COMPILATION OF MODULE MAIN
OBJECT MODULE PLACED IN .\Objects\main.obj
COMPILER INVOKED BY: C:\Keil_v5\C51\BIN\C51.EXE main.c OPTIMIZE(8,SPEED) BROWSE DEBUG OBJECTEXTEND PRINT(.\Listings\main
                    -.lst) TABS(2) OBJECT(.\Objects\main.obj)

line level    source

   1          
   2          /*****************************************************************************/
   3          /* Fichero     - main_lcd.c                                                  */
   4          /* Descripcion - Codi principal de la AD                                     */
   5          /* Autor       - Bernat Carnota                                              */
   6          /* Fecha       - 29/04/2025                                                  */
   7          /*****************************************************************************/
   8          
   9          #include <AT89C5131.h> 
  10          #include "BOTONS_RELES.h"
  11          #include "STATE_MACHINE.h"
  12          #include "lcd.h"
  13          #include "LTC.h"
  14          #include "MCP.h"
  15          
  16          
  17          //PORT 2
  18          sbit ECHO = P2^7;
  19          sbit TRIG = P2^6;
  20          
  21          void main(void)
  22          {
  23   1        unsigned int adc_val;
  24   1        float volts;
  25   1      
  26   1        //SPI_Init();
  27   1        //MCP3302_Init();
  28   1        
  29   1        while(1)
  30   1        {   
  31   2        state_machine();
  32   2          //adc_val = LTC_ReadChannel(0);
  33   2          //volts = convert_to_voltage(adc_val);
  34   2          //adc_val = MCP3302_ReadChannel(0);
  35   2          //volts = MCP3302_ConvertToVoltage(adc_val);
  36   2        }
  37   1      }
*** WARNING C280 IN LINE 23 OF main.c: 'adc_val': unreferenced local variable
*** WARNING C280 IN LINE 24 OF main.c: 'volts': unreferenced local variable
  38          


MODULE INFORMATION:   STATIC OVERLAYABLE
   CODE SIZE        =      5    ----
   CONSTANT SIZE    =   ----    ----
   XDATA SIZE       =   ----    ----
   PDATA SIZE       =   ----    ----
   DATA SIZE        =   ----       6
   IDATA SIZE       =   ----    ----
   BIT SIZE         =   ----    ----
END OF MODULE INFORMATION.


C51 COMPILATION COMPLETE.  2 WARNING(S),  0 ERROR(S)
